---
source: crates/mini_haskell_lexer/src/diagnostic.rs
expression: result
---
  × Unexpected token
   ╭─[snapshots/diagnostic/input/invalid_token.hs:1:1]
 1 │ 1 - 2
   ·   ┬
   ·   ╰── Invalid token
 2 │ fun f2 nat x -> T ? x – 1 : 0;
   ╰────

  × Unexpected token
   ╭─[snapshots/diagnostic/input/invalid_token.hs:1:1]
 1 │ 1 - 2
 2 │ fun f2 nat x -> T ? x – 1 : 0;
   ·                       ┬
   ·                       ╰── Invalid token
   ╰────


