---
source: crates/mini_haskell_parser/src/parser.rs
expression: asts
---
[
    Ok(
        Expr {
            kind: Literal(
                Bool(
                    false,
                ),
            ),
            span: Span {
                start: 0,
                end: 1,
            },
        },
    ),
    Ok(
        Expr {
            kind: Literal(
                Bool(
                    true,
                ),
            ),
            span: Span {
                start: 0,
                end: 1,
            },
        },
    ),
    Ok(
        Expr {
            kind: Literal(
                NatureNum(
                    123,
                ),
            ),
            span: Span {
                start: 0,
                end: 3,
            },
        },
    ),
]
